// Jest Snapshot v1, https://goo.gl/fbAQLP

exports[`snapshot headjs renders 1`] = `
<headjs
  counter={1}
/>
`;
